../Core/Src/main.c:75:10:TEMT6000_Read	16	static
../Core/Src/main.c:137:12:BMP280_TrimRead	56	static
../Core/Src/main.c:162:12:BMP280_ReadRaw	32	static
../Core/Src/main.c:179:16:BMP280_compensate_T_int32	32	static
../Core/Src/main.c:190:17:BMP280_compensate_P_int64	328	static
../Core/Src/main.c:209:6:BMP280_Measure	24	static
../Core/Src/main.c:228:5:BMP280_Config	48	static
../Core/Src/main.c:274:5:AHT20_Init	24	static
../Core/Src/main.c:297:5:AHT20_Read	48	static
../Core/Src/main.c:334:5:main	56	static
../Core/Src/main.c:486:6:SystemClock_Config	88	static
../Core/Src/main.c:533:13:MX_ADC1_Init	24	static
../Core/Src/main.c:580:13:MX_I2C1_Init	8	static
../Core/Src/main.c:614:13:MX_TIM1_Init	32	static
../Core/Src/main.c:660:13:MX_TIM2_Init	64	static
../Core/Src/main.c:719:13:MX_GPIO_Init	24	static
../Core/Src/main.c:743:6:Error_Handler	4	static,ignoring_inline_asm
