../Core/Src/main.c:75:10:TEMT6000_Read	1
../Core/Src/main.c:137:12:BMP280_TrimRead	2
../Core/Src/main.c:162:12:BMP280_ReadRaw	2
../Core/Src/main.c:179:16:BMP280_compensate_T_int32	1
../Core/Src/main.c:190:17:BMP280_compensate_P_int64	2
../Core/Src/main.c:209:6:BMP280_Measure	2
../Core/Src/main.c:228:5:BMP280_Config	7
../Core/Src/main.c:274:5:AHT20_Init	4
../Core/Src/main.c:297:5:AHT20_Read	4
../Core/Src/main.c:334:5:main	11
../Core/Src/main.c:486:6:SystemClock_Config	4
../Core/Src/main.c:533:13:MX_ADC1_Init	3
../Core/Src/main.c:580:13:MX_I2C1_Init	2
../Core/Src/main.c:614:13:MX_TIM1_Init	4
../Core/Src/main.c:660:13:MX_TIM2_Init	6
../Core/Src/main.c:719:13:MX_GPIO_Init	1
../Core/Src/main.c:743:6:Error_Handler	1
