11:06:17 **** Incremental Build of configuration Debug for project Green ****
make -j16 all 
arm-none-eabi-gcc "../Core/Src/main.c" -mcpu=cortex-m3 -std=gnu11 -g3 -DDEBUG -DUSE_HAL_DRIVER -DSTM32F103xB -c -I../Core/Inc -I../Drivers/STM32F1xx_HAL_Driver/Inc/Legacy -I../Drivers/STM32F1xx_HAL_Driver/Inc -I../Drivers/CMSIS/Device/ST/STM32F1xx/Include -I../Drivers/CMSIS/Include -O0 -ffunction-sections -fdata-sections -Wall -fstack-usage -fcyclomatic-complexity -MMD -MP -MF"Core/Src/main.d" -MT"Core/Src/main.o" --specs=nano.specs -mfloat-abi=soft -mthumb -o "Core/Src/main.o"
arm-none-eabi-gcc -o "Green.elf" @"objects.list"   -mcpu=cortex-m3 -T"E:\Green\Green\STM32F103C8TX_FLASH.ld" --specs=nosys.specs -Wl,-Map="Green.map" -Wl,--gc-sections -static -u _printf_float --specs=nano.specs -mfloat-abi=soft -mthumb -u _printf_float -u _scanf_float -Wl,--start-group -lc -lm -Wl,--end-group
Finished building target: Green.elf
 
arm-none-eabi-size  Green.elf 
arm-none-eabi-objdump -h -S Green.elf  > "Green.list"
arm-none-eabi-objcopy  -O ihex Green.elf  "Green.hex"
   text	   data	    bss	    dec	    hex	filename
  54380	    488	   3288	  58156	   e32c	Green.elf
arm-none-eabi-objcopy  -O binary Green.elf  "Green.bin"
Finished building: default.size.stdout
 
Finished building: Green.hex
Finished building: Green.bin
 
 
Finished building: Green.list
 
